<!DOCTYPE html>
<html lang="en">
<head>
  <meta charset="UTF-8">
  <title>gulp-tumblr-theme-parser</title>
</head>
<body>

  <h1>gulp-tumblr-theme-parser</h1>

</body>
</html>
